// Jest Snapshot v1, https://goo.gl/fbAQLP

exports[`<Footer /> Footer snapshot 1`] = `
<footer
  class="d-flex align-items-center justify-content-center"
>
  <p
    class="text-white"
    style="margin-bottom: 0px;"
  >
    <svg
      class="icon icon-heart font"
      role="img"
    >
      <use
        href="#heart"
        xlink:href="#heart"
      />
    </svg>
    Make something awesome!
  </p>
</footer>
`;
