// Jest Snapshot v1, https://goo.gl/fbAQLP

exports[`<Footer /> Footer snapshot 1`] = `
<footer
  class="d-flex align-items-center justify-content-center background-ultra px-xl py-md"
  style="margin-top: auto;"
>
  <svg
    class="icon icon-heart font-color-love mr-xs"
    data-testid="heart"
    role="img"
    style="stroke: ##a8ffdb;"
  >
    <use
      href="#heart"
      xlink:href="#heart"
    />
  </svg>
  <p
    class="body font-color-accent"
    style="margin-bottom: 0px;"
  >
    Make something awesome!
  </p>
</footer>
`;
