// Jest Snapshot v1, https://goo.gl/fbAQLP

exports[`<Footer /> Footer snapshot 1`] = `
<footer
  class="d-flex align-items-center justify-content-center background-ultra px-xl py-base"
  style="margin-top: auto;"
>
  <p
    class="body font-color-light"
    style="margin-bottom: 0px;"
  >
    <svg
      class="icon icon-heart font font-color-love"
      data-testid="heart"
      role="img"
      style="text-decoration: none;"
    >
      <use
        href="#heart"
        xlink:href="#heart"
      />
    </svg>
    Make something awesome!
  </p>
</footer>
`;
